// 重构日志: 57ad9656
// 重构日志: 579d3fea
// 重构日志: 4139bb79
// 重构日志: b669c610
// 重构日志: 07c2aad5
// 同步 ID: 38ca8fdf @ Fri Jul 17 15:56:56 UTC 2026
// 同步 ID: c77fead4 @ Fri Jul 17 16:55:59 UTC 2026
// 同步 ID: 88974c73 @ Sat Jul 18 02:01:31 UTC 2026
// 重构日志: 7d1e8cae
// 重构日志: 54c983ef
// 同步 ID: 0dcc691f @ Sun Jul 19 01:24:28 UTC 2026
// 重构日志: e338ed2b
// 重构日志: 55dbad24
// 同步 ID: 0919bc36 @ Sun Jul 19 16:43:33 UTC 2026
// 重构日志: bcf31ac4
// 重构日志: 1573ae1f
// 重构日志: b1fbd6ad
// 重构日志: b103083e
// 重构日志: 9c93647a
// 重构日志: c4712d40
// 同步 ID: 7b7ff32e @ Wed Jul 22 05:32:02 UTC 2026
// 同步 ID: 2078b422 @ Wed Jul 22 08:07:31 UTC 2026
// 重构日志: ce53bd88
// 重构日志: 7070c6d7
// 同步 ID: 13ef03cd @ Sat Jul 25 01:48:20 UTC 2026
// 重构日志: c1146266
// 重构日志: 53c6cf7e
// 同步 ID: 62d350a3 @ Sat Jul 25 16:17:08 UTC 2026
// 重构日志: a548a8c8
// 同步 ID: e901ed2b @ Sun Jul 26 16:27:07 UTC 2026
// 重构日志: ced6a323
// 重构日志: 9dc0c66c
// 重构日志: 1c619986
// 重构日志: 08d1edd6
// 重构日志: ef35b3c2
// 重构日志: 5cb2fbbf
